#-----------------------------------------------------------
# Webtalk v2020.2 (64-bit)
# SW Build 3064766 on Wed Nov 18 09:12:45 MST 2020
# IP Build 3064653 on Wed Nov 18 14:17:31 MST 2020
# Start of session at: Wed Feb  1 16:04:04 2023
# Process ID: 14596
# Current directory: C:/Users/Andrej/Desktop/git/otporni/fault_tolerant_fir/fault_tolerant_fir.sim/sim_1/behav/xsim
# Command line: wbtcv.exe -mode batch -source C:/Users/Andrej/Desktop/git/otporni/fault_tolerant_fir/fault_tolerant_fir.sim/sim_1/behav/xsim/xsim.dir/fault_tolerant_tb_behav/webtalk/xsim_webtalk.tcl -notrace
# Log file: C:/Users/Andrej/Desktop/git/otporni/fault_tolerant_fir/fault_tolerant_fir.sim/sim_1/behav/xsim/webtalk.log
# Journal file: C:/Users/Andrej/Desktop/git/otporni/fault_tolerant_fir/fault_tolerant_fir.sim/sim_1/behav/xsim\webtalk.jou
#-----------------------------------------------------------
source C:/Users/Andrej/Desktop/git/otporni/fault_tolerant_fir/fault_tolerant_fir.sim/sim_1/behav/xsim/xsim.dir/fault_tolerant_tb_behav/webtalk/xsim_webtalk.tcl -notrace
